src/components/search/SearchModal.tsx(233,48): error TS2339: Property 'variants' does not exist on type 'Product'.
src/components/search/SearchModal.tsx(256,42): error TS2339: Property 'originalPrice' does not exist on type 'Product'.
src/components/search/SearchModal.tsx(258,46): error TS2339: Property 'originalPrice' does not exist on type 'Product'.
